// Jest Snapshot v1, https://goo.gl/fbAQLP

exports[`VideoView Tests VideoView renders correctly 1`] = `
<div
  className="MuiGrid-root MuiGrid-container MuiGrid-spacing-xs-3"
>
  <div
    className="MuiGrid-root MuiGrid-item MuiGrid-grid-xs-12 MuiGrid-grid-md-6 MuiGrid-grid-lg-7"
  >
    <iframe
      allow="accelerometer; encrypted-media; gyroscope; picture-in-picture"
      allowFullScreen={true}
      className="sc-bdfBwQ fxNuLZ"
      data-testid="video"
      frameBorder="0"
      src="https://www.youtube.com/embed/HYyRZiwBWc8?controls=0"
    />
    <div
      className="MuiGrid-root MuiGrid-container MuiGrid-spacing-xs-1"
    >
      <h1
        className="sc-hKgILt hLfBYY"
      />
      <div
        className="MuiGrid-root MuiGrid-item MuiGrid-grid-xs-6"
      />
      <div
        className="MuiGrid-root MuiGrid-item MuiGrid-grid-xs-6"
      >
        <div
          className="sc-dlfnbm hbCwZl"
          onClick={[Function]}
        >
          <svg
            aria-hidden={true}
            className="MuiSvgIcon-root MuiSvgIcon-colorPrimary"
            focusable="false"
            viewBox="0 0 24 24"
          >
            <path
              d="M16.5 3c-1.74 0-3.41.81-4.5 2.09C10.91 3.81 9.24 3 7.5 3 4.42 3 2 5.42 2 8.5c0 3.78 3.4 6.86 8.55 11.54L12 21.35l1.45-1.32C18.6 15.36 22 12.28 22 8.5 22 5.42 19.58 3 16.5 3zm-4.4 15.55l-.1.1-.1-.1C7.14 14.24 4 11.39 4 8.5 4 6.5 5.5 5 7.5 5c1.54 0 3.04.99 3.57 2.36h1.87C13.46 5.99 14.96 5 16.5 5c2 0 3.5 1.5 3.5 3.5 0 2.89-3.14 5.74-7.9 10.05z"
            />
          </svg>
          <span
            className="sc-gsTCUz hplYmp"
            data-testid="test-span"
          >
            Add to Favorites
          </span>
        </div>
      </div>
    </div>
    <h1
      className="sc-eCssSg dtwrMX"
    />
  </div>
  <div
    className="MuiGrid-root MuiGrid-item MuiGrid-grid-xs-12 MuiGrid-grid-md-6 MuiGrid-grid-lg-5"
  >
    <div
      className="sc-crrsfI kPiTeu"
    >
      <div
        className="MuiGrid-root MuiGrid-container MuiGrid-spacing-xs-3"
      />
    </div>
  </div>
</div>
`;
