// Jest Snapshot v1, https://goo.gl/fbAQLP

exports[`Video Card Tests Video Card renders correctly 1`] = `
<div
  className="sc-dlfnbm gOyLuw"
>
  <img
    className="sc-hKgILt cjtqHK"
    src="https://yt3.ggpht.com/ytc/AAUvwnighSReQlmHl_S_vSfvnWBAG5Cw4A0YxtE0tm5OpQ=s240-c-k-c0xffffffff-no-rj-mo"
  />
  <h1
    className="sc-bdfBwQ clmpDO"
  >
    Wizeline
  </h1>
  <h1
    className="sc-gsTCUz bPkPNX"
  >
    Wizeline transforms how teams build technology. Its customers accelerate the delivery of innovative products with proven solutions, which combine Wizeline's ...
  </h1>
</div>
`;
